// Vitest Snapshot v1, https://vitest.dev/guide/snapshot.html

exports[`NotFound Component > Structure > has correct HTML structure 1`] = `
<div>
  <div
    class="flex flex-col justify-center items-center text-center bg-base-200 p-4"
    data-testid="404-container"
  >
    <img
      alt="A funny gif representing a 404 error"
      class="w-full max-w-xs sm:max-w-md rounded-lg shadow-lg mb-4"
      src="https://i.giphy.com/media/v1.Y2lkPTc5MGI3NjExbGZmamRkbmkzM292OHdramZ4eHhhdjdvajN4NHMwdzRiMGtwMnFzNyZlcD12MV9pbnRlcm5hbF9naWZfYnlfaWQmY3Q9Zw/bGgsc5mWoryfgKBx1u/giphy.gif"
    />
    <h1
      class="text-2xl sm:text-4xl font-bold mb-4"
    >
      404 - Page Not Found
    </h1>
    <p
      class="text-base sm:text-lg mb-6"
    >
      Looks like the code broke... again.
    </p>
    <div
      class="flex flex-col sm:flex-row gap-4 w-full justify-center"
    >
      <a
        aria-label="Return to the homepage"
        class="btn btn-primary w-full sm:w-auto"
        href="/"
      >
        Go back Home
      </a>
      <button
        aria-label="Show next meme"
        class="btn btn-secondary w-full sm:w-auto"
      >
        Next Meme
      </button>
    </div>
  </div>
</div>
`;
