// Vitest Snapshot v1, https://vitest.dev/guide/snapshot.html

exports[`CollapsibleSection > Accessibility > maintains tab order 1`] = `
<div
  class="collapse collapse-arrow bg-base-200 "
  data-testid="collapsible-section"
>
  <button
    aria-controls="collapsible-content-:r0:"
    aria-expanded="false"
    class="collapse-title text-xl font-medium"
    tabindex="0"
    type="button"
  >
    Section Title
  </button>
  <div
    aria-hidden="true"
    class="collapse-content"
    id="collapsible-content-:r0:"
    role="region"
  >
    <p>
      This is the collapsible content.
    </p>
  </div>
</div>
`;
