// Vitest Snapshot v1, https://vitest.dev/guide/snapshot.html

exports[`TechnologyCard > Interactions > has security attributes for external link 1`] = `
<div>
  <a
    aria-label="Learn more about React"
    class="flex flex-col items-center text-center hover:bg-base-200 p-4 rounded-lg transition duration-300"
    href="https://reactjs.org/"
    rel="noopener noreferrer"
    target="_blank"
  >
    <span
      aria-hidden="true"
    >
      <svg
        data-testid="mock-icon"
      />
    </span>
    <h3
      class="font-semibold"
    >
      React
    </h3>
    <p
      class="text-sm"
    >
      A JavaScript library for building user interfaces.
    </p>
  </a>
</div>
`;
